// Jest Snapshot v1, https://goo.gl/fbAQLP

exports[`Navigation render renders the UI as expected and matches the snapshot 1`] = `undefined`;
